
> tasks@0.1.0 test
> react-scripts test

Browserslist: caniuse-lite is outdated. Please run:
  npx browserslist@latest --update-db
  Why you should do it regularly: https://github.com/browserslist/browserslist#browsers-data-updating
FAIL src/quizzer/Quizzer.test.tsx
  ● Console

    console.error
      Warning: Encountered two children with the same key, `5`. Keys should be unique so that components maintain their identity across updates. Non-unique keys may cause children to be duplicated and/or omitted — the behavior is unsupported and could change in a future version.
          at div
          at QuizList (/home/runner/work/quiz/quiz/src/quizzer/QuizList.tsx:16:5)
          at div
          at Quizzer (/home/runner/work/quiz/quiz/src/quizzer/Quizzer.tsx:24:35)

      at printWarning (node_modules/react-dom/cjs/react-dom.development.js:67:30)
      at error (node_modules/react-dom/cjs/react-dom.development.js:43:5)
      at warnOnInvalidKey (node_modules/react-dom/cjs/react-dom.development.js:13620:11)
      at reconcileChildrenArray (node_modules/react-dom/cjs/react-dom.development.js:13651:21)
      at reconcileChildFibers (node_modules/react-dom/cjs/react-dom.development.js:14125:14)
      at reconcileChildren (node_modules/react-dom/cjs/react-dom.development.js:16997:28)
      at updateFragment (node_modules/react-dom/cjs/react-dom.development.js:17294:3)
      at beginWork (node_modules/react-dom/cjs/react-dom.development.js:19102:14)

  ● Quizzer Tests › Users can select a specific quiz to see the questions, including the questions name, body, and points

    TestingLibraryElementError: Unable to find an element with the text: What is the last letter of the English alphabet?. This could be because the text is broken up by multiple elements. In this case, you can provide a function for your text matcher to make your matcher more flexible.

    Ignored nodes: comments, <script />, <style />
    [36m<body[39m
      [33mclass[39m=[32m""[39m
      [33mstyle[39m=[32m"padding-right: 1024px;"[39m
    [36m>[39m
      [36m<div>[39m
        [36m<div[39m
          [33mclass[39m=[32m"quizzer"[39m
        [36m>[39m
          [36m<div[39m
            [33mclass[39m=[32m"quiz_list"[39m
          [36m>[39m
            [36m<div[39m
              [33mclass[39m=[32m"quiz_card"[39m
            [36m>[39m
              [36m<div[39m
                [33mclass[39m=[32m"d-flex justify-content-between align-items-center"[39m
              [36m>[39m
                [36m<div[39m
                  [33mclass[39m=[32m"d-flex align-items-baseline"[39m
                [36m>[39m
                  [36m<h1[39m
                    [33mclass[39m=[32m"title"[39m
                  [36m>[39m
                    [0mSimple_Questions[0m
                  [36m</h1>[39m
                  [36m<p>[39m
                    [0m2[0m
                    [0m question[0m
                    [0ms[0m
                  [36m</p>[39m
                [36m</div>[39m
                [36m<div>[39m
                  [36m<button[39m
                    [33mclass[39m=[32m"esc_button text-align-center btn btn-warning"[39m
                    [33mtype[39m=[32m"button"[39m
                  [36m>[39m
                    [0mEdit[0m
                  [36m</button>[39m
                  [36m<button[39m
                    [33mclass[39m=[32m"esc_button text-align-center btn btn-danger"[39m
                    [33mtype[39m=[32m"button"[39m
                  [36m>[39m
                    [0mExit[0m
                  [36m</button>[39m
                [36m</div>[39m
              [36m</div>[39m
              [36m<p[39m
                [33mclass[39m=[32m"desc"[39m
              [36m>[39m
                [0mThis quiz is full of simple questions and is published[0m
              [36m</p>[39m
              [36m<hr />[39m
              [36m<div[39m
                [33mclass[39m=[32m"question"[39m
              [36m>[39m
                [36m<div[39m
                  [33mclass[39m=[32m"question_header"[39m
                [36m>[39m
                  [36m<h4[39m
                    [33mdata-testid[39m=[32m"question_body"[39m
                  [36m>[39m
                    [0m1[0m
                    [0m. [0m
                    [0mWhat is 2+2?[0m
                  [36m</h4>[39m
                  [36m<h4>[39m
                    [0m1[0m
                    [0m pt[0m
                    [0m[0m
                  [36m</h4>[39m
                [36m</div>[39m
                [0mf[0m
                [36m<div[39m
                  [33mclass[39m=[32m"answer_box"[39m
                [36m>[39m
                  [36m<div>[39m
                    [36m<input[39m
                      [33mclass[39m=[32m"form-control"[39m
                      [33mdata-testid[39m=[32m"select-option"[39m
                      [33mid[39m=[32m"formShortAnswerBox"[39m
                      [33mvalue[39m=[32m""[39m
                    [36m/>[39m
                  [36m</div>[39m
                  [36m<div[39m
                    [33mclass[39m=[32m"sub_check"[39m
                  [36m>[39m
                    [36m<h2[39m
                      [33mclass[39m=[32m"hidden"[39m
                    [36m>[39m
                      [0m❌[0m
                    [36m</h2>[39m
                    [36m<button[39m
                      [33mclass[39m=[32m"submit_btn btn btn-primary"[39m
                      [33mtype[39m=[32m"button"[39m
                    [36m>[39m
                      [0mSubmit[0m
                    [36m</button>[39m
                  [36m</div>[39m
                [36m</div>[39m
              [36m</div>[39m
              [36m<hr />[39m
              [36m<div[39m
                [33mclass[39m=[32m"question"[39m
              [36m>[39m
                [36m<div[39m
                  [33mclass[39m=[32m"question_header"[39m
                [36m>[39m
                  [36m<h4[39m
                    [33mdata-testid[39m=[32m"question_body"[39m
                  [36m>[39m
                    [0m2[0m
                    [0m. [0m
                    [0mWhich of these is a color?[0m
                  [36m</h4>[39m
                  [36m<h4>[39m
                    [0m1[0m
                    [0m pt[0m
                    [0m[0m
                  [36m</h4>[39m
                [36m</div>[39m
                [0mf[0m
                [36m<div[39m
                  [33mclass[39m=[32m"answer_box"[39m
                [36m>[39m
                  [36m<div>[39m
                    [36m<div[39m
                      [33mclass[39m=[32m"form-check"[39m
                    [36m>[39m
                      [36m<input[39m
                        [33mclass[39m=[32m"form-check-input"[39m
                        [33mname[39m=[32m"questionChoice1"[39m
                        [33mtype[39m=[32m"radio"[39m
                        [33mvalue[39m=[32m"red"[39m
                      [36m/>[39m
                      [36m<label[39m
                        [33mclass[39m=[32m"form-check-label"[39m
                        [33mtitle[39m=[32m""[39m
                      [36m>[39m
                        [0mred[0m
                      [36m</label>[39m
                    [36m</div>[39m
                    [36m<div[39m
                      [33mclass[39m=[32m"form-check"[39m
                    [36m>[39m
                      [36m<input[39m
                        [33mclass[39m=[32m"form-check-input"[39m
                        [33mname[39m=[32m"questionChoice1"[39m
                        [33mtype[39m=[32m"radio"[39m
                        [33mvalue[39m=[32m"apple"[39m
                      [36m/>[39m
                      [36m<label[39m
                        [33mclass[39m=[32m"form-check-label"[39m
                        [33mtitle[39m=[32m""[39m
                      [36m>[39m
                        [0mapple[0m
                      [36m</label>[39m
                    [36m</div>[39m
                    [36m<div[39m
                      [33mclass[39m=[32m"form-check"[39m
                    [36m>[39m
                      [36m<input[39m
                        [33mclass[39m=[32m"form-check-input"[39m
                        [33mname[39m=[32m"questionChoice1"[39m
                        [33mtype[39m=[32m"radio"[39m
                        [33mvalue[39m=[32m"firetruck"[39m
                      [36m/>[39m
                      [36m<label[39m
                        [33mclass[39m=[32m"form-check-label"[39m
                        [33mtitle[39m=[32m""[39m
                      [36m>[39m
                        [0mfiretruck[0m
                      [36m</label>[39m
                    [36m</div>[39m
                  [36m</div>[39m
                  [36m<div[39m
                    [33mclass[39m=[32m"sub_check"[39m
                  [36m>[39m
                    [36m<h2[39m
                      [33mclass[39m=[32m"hidden"[39m
                    [36m>[39m
                      [0m❌[0m
                    [36m</h2>[39m
                    [36m<button[39m
                      [33mclass[39m=[32m"submit_btn btn btn-primary"[39m
                      [33mtype[39m=[32m"button"[39m
                    [36m>[39m
                      [0mSubmit[0m
                    [36m</button>[39m
                  [36m</div>[39m
                [36m</div>[39m
              [36m</div>[39m
              [36m<hr />[39m
              [36m<div[39m
                [33mclass[39m=[32m"footer"[39m
              [36m>[39m
                [36m<button[39m
                  [33mclass[39m=[32m"btn btn-danger"[39m
                  [33mtype[39m=[32m"button"[39m
                [36m>[39m
                  [0mReset[0m
                [36m</button>[39m
                [36m<span[39m
                  [33mclass[39m=[32m"score_report"[39m
                [36m>[39m
                  [0m0[0m
                  [0m/[0m
                  [0m2[0m
                [36m</span>[39m
              [36m</div>[39m
            [36m</div>[39m
          [36m</div>[39m
          [36m<div />[39m
          [36m<hr />[39m
          [36m<h2[39m
            [33mstyle[39m=[32m"color: white;"[39m
          [36m>[39m
            [0mApplication Sketch[0m
          [36m</h2>[39m
          [36m<hr />[39m
          [36m<div[39m
            [33mstyle[39m=[32m"color: white;"[39m
          [36m>[39m
            [36m<h2>[39m
              [0mCompleted Features[0m
            [36m</h2>[39m
            [36m<ul[39m
              [33mclass[39m=[32m"completedList"[39m
            [36m>[39m
              [36m<li>[39m
                [0m [0m
                [0mUsers can see a list of quizzes, including the quizzes title, description, and how many questions it has (TESTED)[0m
              [36m</li>[39m
              [36m<li>[39m
                [0mUsers can select a specific quiz to see the questions, including the questions name, body, and points (TESTED)[0m
              [36m</li>[39m
              [36m<li>[39m
                [0mQuiz questions can be of AT LEAST two types: a short answer question or multiple choice question (TESTED)[0m
              [36m</li>[39m
              [36m<li>[39m
                [0mUsers can enter or choose an answer for a quiz question, and be told if they are correct (TESTED)[0m
              [36m</li>[39m
              [36m<li>[39m
                [0mUsers can see how many total points they have earned (TESTED)[0m
              [36m</li>[39m
              [36m<li>[39m
                [0mUsers can clear out their existing answers for a quiz (TESTED)[0m
              [36m</li>[39m
              [36m<li>[39m
                [0mUsers can publish or unpublish a question (TESTED)[0m
              [36m</li>[39m
              [36m<li>[39m
                [0mUsers can filter the questions in a list so that only published questions are shown (TESTED)[0m
              [36m</li>[39m
              [36m<li>[39m
                [0mUsers can edit the questions and fields of a quiz (TESTED)[0m
              [36m</li>[39m
              [36m<li>[39m
                [0mUsers can add a new quiz question (TESTED)[0m
              [36m</li>[39m
              [36m<li>[39m
                [0mUsers can delete an existing quiz question (TESTED)[0m
              [36m</li>[39m
              [36m<li>[39m
                [0mUsers can reorder quiz questions (TESTED)[0m
              [36m</li>[39m
              [36m<li>[39m
                [0mUsers can add a new quiz (TESTED)[0m
              [36m</li>[39m
              [36m<li>[39m
                [0mUsers can delete an existing quiz (TESTED)[0m
              [36m</li>[39m
            [36m</ul>[39m
          [36m</div>[39m
        [36m</div>[39m
      [36m</div>[39m
    [36m</body>[39m

      55 |         for (let i = 0; i < QUIZZES[1].questionList.length; i++) {
      56 |                 expect(
    > 57 |                     screen.getByText(QUIZZES[1].questionList[i].body, {
         |                            ^
      58 |                         exact: false
      59 |                     })
      60 |                 ).toBeInTheDocument();

      at Object.getElementError (node_modules/@testing-library/dom/dist/config.js:38:19)
      at node_modules/@testing-library/dom/dist/query-helpers.js:90:38
      at node_modules/@testing-library/dom/dist/query-helpers.js:62:17
      at getByText (node_modules/@testing-library/dom/dist/query-helpers.js:111:19)
      at Object.<anonymous> (src/quizzer/Quizzer.test.tsx:57:28)

  ● Quizzer Tests › Users can publish or unpublish a question

    TestingLibraryElementError: Unable to find an element by: [data-testid="question_published_check"]

    Ignored nodes: comments, <script />, <style />
    [36m<body[39m
      [33mclass[39m=[32m""[39m
      [33mstyle[39m=[32m"padding-right: 1024px;"[39m
    [36m>[39m
      [36m<div>[39m
        [36m<div[39m
          [33mclass[39m=[32m"quizzer"[39m
        [36m>[39m
          [36m<div[39m
            [33mclass[39m=[32m"quiz_list"[39m
          [36m>[39m
            [36m<div[39m
              [33mclass[39m=[32m"quiz_card"[39m
            [36m>[39m
              [36m<div[39m
                [33mclass[39m=[32m"d-flex justify-content-between align-items-center"[39m
              [36m>[39m
                [36m<div[39m
                  [33mclass[39m=[32m"d-flex align-items-baseline"[39m
                [36m>[39m
                  [36m<h1[39m
                    [33mclass[39m=[32m"title"[39m
                  [36m>[39m
                    [0mSimple_Questions[0m
                  [36m</h1>[39m
                  [36m<p>[39m
                    [0m2[0m
                    [0m question[0m
                    [0ms[0m
                  [36m</p>[39m
                [36m</div>[39m
                [36m<div>[39m
                  [36m<button[39m
                    [33mclass[39m=[32m"esc_button text-align-center btn btn-warning"[39m
                    [33mtype[39m=[32m"button"[39m
                  [36m>[39m
                    [0mEdit[0m
                  [36m</button>[39m
                  [36m<button[39m
                    [33mclass[39m=[32m"esc_button text-align-center btn btn-danger"[39m
                    [33mtype[39m=[32m"button"[39m
                  [36m>[39m
                    [0mExit[0m
                  [36m</button>[39m
                [36m</div>[39m
              [36m</div>[39m
              [36m<p[39m
                [33mclass[39m=[32m"desc"[39m
              [36m>[39m
                [0mThis quiz is full of simple questions and is published[0m
              [36m</p>[39m
              [36m<hr />[39m
              [36m<div[39m
                [33mclass[39m=[32m"question"[39m
              [36m>[39m
                [36m<div[39m
                  [33mclass[39m=[32m"question_header"[39m
                [36m>[39m
                  [36m<h4[39m
                    [33mdata-testid[39m=[32m"question_body"[39m
                  [36m>[39m
                    [0m1[0m
                    [0m. [0m
                    [0mWhat is 2+2?[0m
                  [36m</h4>[39m
                  [36m<h4>[39m
                    [0m1[0m
                    [0m pt[0m
                    [0m[0m
                  [36m</h4>[39m
                [36m</div>[39m
                [0mf[0m
                [36m<div[39m
                  [33mclass[39m=[32m"answer_box"[39m
                [36m>[39m
                  [36m<div>[39m
                    [36m<input[39m
                      [33mclass[39m=[32m"form-control"[39m
                      [33mdata-testid[39m=[32m"select-option"[39m
                      [33mid[39m=[32m"formShortAnswerBox"[39m
                      [33mvalue[39m=[32m""[39m
                    [36m/>[39m
                  [36m</div>[39m
                  [36m<div[39m
                    [33mclass[39m=[32m"sub_check"[39m
                  [36m>[39m
                    [36m<h2[39m
                      [33mclass[39m=[32m"hidden"[39m
                    [36m>[39m
                      [0m❌[0m
                    [36m</h2>[39m
                    [36m<button[39m
                      [33mclass[39m=[32m"submit_btn btn btn-primary"[39m
                      [33mtype[39m=[32m"button"[39m
                    [36m>[39m
                      [0mSubmit[0m
                    [36m</button>[39m
                  [36m</div>[39m
                [36m</div>[39m
              [36m</div>[39m
              [36m<hr />[39m
              [36m<div[39m
                [33mclass[39m=[32m"question"[39m
              [36m>[39m
                [36m<div[39m
                  [33mclass[39m=[32m"question_header"[39m
                [36m>[39m
                  [36m<h4[39m
                    [33mdata-testid[39m=[32m"question_body"[39m
                  [36m>[39m
                    [0m2[0m
                    [0m. [0m
                    [0mWhich of these is a color?[0m
                  [36m</h4>[39m
                  [36m<h4>[39m
                    [0m1[0m
                    [0m pt[0m
                    [0m[0m
                  [36m</h4>[39m
                [36m</div>[39m
                [0mf[0m
                [36m<div[39m
                  [33mclass[39m=[32m"answer_box"[39m
                [36m>[39m
                  [36m<div>[39m
                    [36m<div[39m
                      [33mclass[39m=[32m"form-check"[39m
                    [36m>[39m
                      [36m<input[39m
                        [33mclass[39m=[32m"form-check-input"[39m
                        [33mname[39m=[32m"questionChoice1"[39m
                        [33mtype[39m=[32m"radio"[39m
                        [33mvalue[39m=[32m"red"[39m
                      [36m/>[39m
                      [36m<label[39m
                        [33mclass[39m=[32m"form-check-label"[39m
                        [33mtitle[39m=[32m""[39m
                      [36m>[39m
                        [0mred[0m
                      [36m</label>[39m
                    [36m</div>[39m
                    [36m<div[39m
                      [33mclass[39m=[32m"form-check"[39m
                    [36m>[39m
                      [36m<input[39m
                        [33mclass[39m=[32m"form-check-input"[39m
                        [33mname[39m=[32m"questionChoice1"[39m
                        [33mtype[39m=[32m"radio"[39m
                        [33mvalue[39m=[32m"apple"[39m
                      [36m/>[39m
                      [36m<label[39m
                        [33mclass[39m=[32m"form-check-label"[39m
                        [33mtitle[39m=[32m""[39m
                      [36m>[39m
                        [0mapple[0m
                      [36m</label>[39m
                    [36m</div>[39m
                    [36m<div[39m
                      [33mclass[39m=[32m"form-check"[39m
                    [36m>[39m
                      [36m<input[39m
                        [33mclass[39m=[32m"form-check-input"[39m
                        [33mname[39m=[32m"questionChoice1"[39m
                        [33mtype[39m=[32m"radio"[39m
                        [33mvalue[39m=[32m"firetruck"[39m
                      [36m/>[39m
                      [36m<label[39m
                        [33mclass[39m=[32m"form-check-label"[39m
                        [33mtitle[39m=[32m""[39m
                      [36m>[39m
                        [0mfiretruck[0m
                      [36m</label>[39m
                    [36m</div>[39m
                  [36m</div>[39m
                  [36m<div[39m
                    [33mclass[39m=[32m"sub_check"[39m
                  [36m>[39m
                    [36m<h2[39m
                      [33mclass[39m=[32m"hidden"[39m
                    [36m>[39m
                      [0m❌[0m
                    [36m</h2>[39m
                    [36m<button[39m
                      [33mclass[39m=[32m"submit_btn btn btn-primary"[39m
                      [33mtype[39m=[32m"button"[39m
                    [36m>[39m
                      [0mSubmit[0m
                    [36m</button>[39m
                  [36m</div>[39m
                [36m</div>[39m
              [36m</div>[39m
              [36m<hr />[39m
              [36m<div[39m
                [33mclass[39m=[32m"footer"[39m
              [36m>[39m
                [36m<button[39m
                  [33mclass[39m=[32m"btn btn-danger"[39m
                  [33mtype[39m=[32m"button"[39m
                [36m>[39m
                  [0mReset[0m
                [36m</button>[39m
                [36m<span[39m
                  [33mclass[39m=[32m"score_report"[39m
                [36m>[39m
                  [0m0[0m
                  [0m/[0m
                  [0m2[0m
                [36m</span>[39m
              [36m</div>[39m
            [36m</div>[39m
          [36m</div>[39m
          [36m<div />[39m
          [36m<hr />[39m
          [36m<h2[39m
            [33mstyle[39m=[32m"color: white;"[39m
          [36m>[39m
            [0mApplication Sketch[0m
          [36m</h2>[39m
          [36m<hr />[39m
          [36m<div[39m
            [33mstyle[39m=[32m"color: white;"[39m
          [36m>[39m
            [36m<h2>[39m
              [0mCompleted Features[0m
            [36m</h2>[39m
            [36m<ul[39m
              [33mclass[39m=[32m"completedList"[39m
            [36m>[39m
              [36m<li>[39m
                [0m [0m
                [0mUsers can see a list of quizzes, including the quizzes title, description, and how many questions it has (TESTED)[0m
              [36m</li>[39m
              [36m<li>[39m
                [0mUsers can select a specific quiz to see the questions, including the questions name, body, and points (TESTED)[0m
              [36m</li>[39m
              [36m<li>[39m
                [0mQuiz questions can be of AT LEAST two types: a short answer question or multiple choice question (TESTED)[0m
              [36m</li>[39m
              [36m<li>[39m
                [0mUsers can enter or choose an answer for a quiz question, and be told if they are correct (TESTED)[0m
              [36m</li>[39m
              [36m<li>[39m
                [0mUsers can see how many total points they have earned (TESTED)[0m
              [36m</li>[39m
              [36m<li>[39m
                [0mUsers can clear out their existing answers for a quiz (TESTED)[0m
              [36m</li>[39m
              [36m<li>[39m
                [0mUsers can publish or unpublish a question (TESTED)[0m
              [36m</li>[39m
              [36m<li>[39m
                [0mUsers can filter the questions in a list so that only published questions are shown (TESTED)[0m
              [36m</li>[39m
              [36m<li>[39m
                [0mUsers can edit the questions and fields of a quiz (TESTED)[0m
              [36m</li>[39m
              [36m<li>[39m
                [0mUsers can add a new quiz question (TESTED)[0m
              [36m</li>[39m
              [36m<li>[39m
                [0mUsers can delete an existing quiz question (TESTED)[0m
              [36m</li>[39m
              [36m<li>[39m
                [0mUsers can reorder quiz questions (TESTED)[0m
              [36m</li>[39m
              [36m<li>[39m
                [0mUsers can add a new quiz (TESTED)[0m
              [36m</li>[39m
              [36m<li>[39m
                [0mUsers can delete an existing quiz (TESTED)[0m
              [36m</li>[39m
            [36m</ul>[39m
          [36m</div>[39m
        [36m</div>[39m
      [36m</div>[39m
    [36m</body>[39m

      122 |         editButton.click();
      123 |
    > 124 |         const publishedCheck = screen.getAllByTestId(
          |                                       ^
      125 |             "question_published_check"
      126 |         )[3];
      127 |         publishedCheck.click();

      at Object.getElementError (node_modules/@testing-library/dom/dist/config.js:38:19)
      at node_modules/@testing-library/dom/dist/query-helpers.js:90:38
      at getAllByTestId (node_modules/@testing-library/dom/dist/query-helpers.js:130:15)
      at Object.<anonymous> (src/quizzer/Quizzer.test.tsx:124:39)

  ● Quizzer Tests › Users can filter the questions in a list so that only published questions are shown

    TestingLibraryElementError: Unable to find an element by: [data-testid="Quiz Published"]

    Ignored nodes: comments, <script />, <style />
    [36m<body[39m
      [33mclass[39m=[32m""[39m
      [33mstyle[39m=[32m"padding-right: 1024px;"[39m
    [36m>[39m
      [36m<div>[39m
        [36m<div[39m
          [33mclass[39m=[32m"quizzer"[39m
        [36m>[39m
          [36m<div[39m
            [33mclass[39m=[32m"quiz_list"[39m
          [36m>[39m
            [36m<div[39m
              [33mclass[39m=[32m"quiz_card"[39m
            [36m>[39m
              [36m<div[39m
                [33mclass[39m=[32m"d-flex justify-content-between align-items-center"[39m
              [36m>[39m
                [36m<div[39m
                  [33mclass[39m=[32m"d-flex align-items-baseline"[39m
                [36m>[39m
                  [36m<h1[39m
                    [33mclass[39m=[32m"title"[39m
                  [36m>[39m
                    [0mSimple_Questions[0m
                  [36m</h1>[39m
                  [36m<p>[39m
                    [0m2[0m
                    [0m question[0m
                    [0ms[0m
                  [36m</p>[39m
                [36m</div>[39m
                [36m<div>[39m
                  [36m<button[39m
                    [33mclass[39m=[32m"esc_button text-align-center btn btn-warning"[39m
                    [33mtype[39m=[32m"button"[39m
                  [36m>[39m
                    [0mEdit[0m
                  [36m</button>[39m
                  [36m<button[39m
                    [33mclass[39m=[32m"esc_button text-align-center btn btn-danger"[39m
                    [33mtype[39m=[32m"button"[39m
                  [36m>[39m
                    [0mExit[0m
                  [36m</button>[39m
                [36m</div>[39m
              [36m</div>[39m
              [36m<p[39m
                [33mclass[39m=[32m"desc"[39m
              [36m>[39m
                [0mThis quiz is full of simple questions and is published[0m
              [36m</p>[39m
              [36m<hr />[39m
              [36m<div[39m
                [33mclass[39m=[32m"question"[39m
              [36m>[39m
                [36m<div[39m
                  [33mclass[39m=[32m"question_header"[39m
                [36m>[39m
                  [36m<h4[39m
                    [33mdata-testid[39m=[32m"question_body"[39m
                  [36m>[39m
                    [0m1[0m
                    [0m. [0m
                    [0mWhat is 2+2?[0m
                  [36m</h4>[39m
                  [36m<h4>[39m
                    [0m1[0m
                    [0m pt[0m
                    [0m[0m
                  [36m</h4>[39m
                [36m</div>[39m
                [0mf[0m
                [36m<div[39m
                  [33mclass[39m=[32m"answer_box"[39m
                [36m>[39m
                  [36m<div>[39m
                    [36m<input[39m
                      [33mclass[39m=[32m"form-control"[39m
                      [33mdata-testid[39m=[32m"select-option"[39m
                      [33mid[39m=[32m"formShortAnswerBox"[39m
                      [33mvalue[39m=[32m""[39m
                    [36m/>[39m
                  [36m</div>[39m
                  [36m<div[39m
                    [33mclass[39m=[32m"sub_check"[39m
                  [36m>[39m
                    [36m<h2[39m
                      [33mclass[39m=[32m"hidden"[39m
                    [36m>[39m
                      [0m❌[0m
                    [36m</h2>[39m
                    [36m<button[39m
                      [33mclass[39m=[32m"submit_btn btn btn-primary"[39m
                      [33mtype[39m=[32m"button"[39m
                    [36m>[39m
                      [0mSubmit[0m
                    [36m</button>[39m
                  [36m</div>[39m
                [36m</div>[39m
              [36m</div>[39m
              [36m<hr />[39m
              [36m<div[39m
                [33mclass[39m=[32m"question"[39m
              [36m>[39m
                [36m<div[39m
                  [33mclass[39m=[32m"question_header"[39m
                [36m>[39m
                  [36m<h4[39m
                    [33mdata-testid[39m=[32m"question_body"[39m
                  [36m>[39m
                    [0m2[0m
                    [0m. [0m
                    [0mWhich of these is a color?[0m
                  [36m</h4>[39m
                  [36m<h4>[39m
                    [0m1[0m
                    [0m pt[0m
                    [0m[0m
                  [36m</h4>[39m
                [36m</div>[39m
                [0mf[0m
                [36m<div[39m
                  [33mclass[39m=[32m"answer_box"[39m
                [36m>[39m
                  [36m<div>[39m
                    [36m<div[39m
                      [33mclass[39m=[32m"form-check"[39m
                    [36m>[39m
                      [36m<input[39m
                        [33mclass[39m=[32m"form-check-input"[39m
                        [33mname[39m=[32m"questionChoice1"[39m
                        [33mtype[39m=[32m"radio"[39m
                        [33mvalue[39m=[32m"red"[39m
                      [36m/>[39m
                      [36m<label[39m
                        [33mclass[39m=[32m"form-check-label"[39m
                        [33mtitle[39m=[32m""[39m
                      [36m>[39m
                        [0mred[0m
                      [36m</label>[39m
                    [36m</div>[39m
                    [36m<div[39m
                      [33mclass[39m=[32m"form-check"[39m
                    [36m>[39m
                      [36m<input[39m
                        [33mclass[39m=[32m"form-check-input"[39m
                        [33mname[39m=[32m"questionChoice1"[39m
                        [33mtype[39m=[32m"radio"[39m
                        [33mvalue[39m=[32m"apple"[39m
                      [36m/>[39m
                      [36m<label[39m
                        [33mclass[39m=[32m"form-check-label"[39m
                        [33mtitle[39m=[32m""[39m
                      [36m>[39m
                        [0mapple[0m
                      [36m</label>[39m
                    [36m</div>[39m
                    [36m<div[39m
                      [33mclass[39m=[32m"form-check"[39m
                    [36m>[39m
                      [36m<input[39m
                        [33mclass[39m=[32m"form-check-input"[39m
                        [33mname[39m=[32m"questionChoice1"[39m
                        [33mtype[39m=[32m"radio"[39m
                        [33mvalue[39m=[32m"firetruck"[39m
                      [36m/>[39m
                      [36m<label[39m
                        [33mclass[39m=[32m"form-check-label"[39m
                        [33mtitle[39m=[32m""[39m
                      [36m>[39m
                        [0mfiretruck[0m
                      [36m</label>[39m
                    [36m</div>[39m
                  [36m</div>[39m
                  [36m<div[39m
                    [33mclass[39m=[32m"sub_check"[39m
                  [36m>[39m
                    [36m<h2[39m
                      [33mclass[39m=[32m"hidden"[39m
                    [36m>[39m
                      [0m❌[0m
                    [36m</h2>[39m
                    [36m<button[39m
                      [33mclass[39m=[32m"submit_btn btn btn-primary"[39m
                      [33mtype[39m=[32m"button"[39m
                    [36m>[39m
                      [0mSubmit[0m
                    [36m</button>[39m
                  [36m</div>[39m
                [36m</div>[39m
              [36m</div>[39m
              [36m<hr />[39m
              [36m<div[39m
                [33mclass[39m=[32m"footer"[39m
              [36m>[39m
                [36m<button[39m
                  [33mclass[39m=[32m"btn btn-danger"[39m
                  [33mtype[39m=[32m"button"[39m
                [36m>[39m
                  [0mReset[0m
                [36m</button>[39m
                [36m<span[39m
                  [33mclass[39m=[32m"score_report"[39m
                [36m>[39m
                  [0m0[0m
                  [0m/[0m
                  [0m2[0m
                [36m</span>[39m
              [36m</div>[39m
            [36m</div>[39m
          [36m</div>[39m
          [36m<div />[39m
          [36m<hr />[39m
          [36m<h2[39m
            [33mstyle[39m=[32m"color: white;"[39m
          [36m>[39m
            [0mApplication Sketch[0m
          [36m</h2>[39m
          [36m<hr />[39m
          [36m<div[39m
            [33mstyle[39m=[32m"color: white;"[39m
          [36m>[39m
            [36m<h2>[39m
              [0mCompleted Features[0m
            [36m</h2>[39m
            [36m<ul[39m
              [33mclass[39m=[32m"completedList"[39m
            [36m>[39m
              [36m<li>[39m
                [0m [0m
                [0mUsers can see a list of quizzes, including the quizzes title, description, and how many questions it has (TESTED)[0m
              [36m</li>[39m
              [36m<li>[39m
                [0mUsers can select a specific quiz to see the questions, including the questions name, body, and points (TESTED)[0m
              [36m</li>[39m
              [36m<li>[39m
                [0mQuiz questions can be of AT LEAST two types: a short answer question or multiple choice question (TESTED)[0m
              [36m</li>[39m
              [36m<li>[39m
                [0mUsers can enter or choose an answer for a quiz question, and be told if they are correct (TESTED)[0m
              [36m</li>[39m
              [36m<li>[39m
                [0mUsers can see how many total points they have earned (TESTED)[0m
              [36m</li>[39m
              [36m<li>[39m
                [0mUsers can clear out their existing answers for a quiz (TESTED)[0m
              [36m</li>[39m
              [36m<li>[39m
                [0mUsers can publish or unpublish a question (TESTED)[0m
              [36m</li>[39m
              [36m<li>[39m
                [0mUsers can filter the questions in a list so that only published questions are shown (TESTED)[0m
              [36m</li>[39m
              [36m<li>[39m
                [0mUsers can edit the questions and fields of a quiz (TESTED)[0m
              [36m</li>[39m
              [36m<li>[39m
                [0mUsers can add a new quiz question (TESTED)[0m
              [36m</li>[39m
              [36m<li>[39m
                [0mUsers can delete an existing quiz question (TESTED)[0m
              [36m</li>[39m
              [36m<li>[39m
                [0mUsers can reorder quiz questions (TESTED)[0m
              [36m</li>[39m
              [36m<li>[39m
                [0mUsers can add a new quiz (TESTED)[0m
              [36m</li>[39m
              [36m<li>[39m
                [0mUsers can delete an existing quiz (TESTED)[0m
              [36m</li>[39m
            [36m</ul>[39m
          [36m</div>[39m
        [36m</div>[39m
      [36m</div>[39m
    [36m</body>[39m

      145 |         editButton.click();
      146 |
    > 147 |         const quizPublished = screen.getByTestId("Quiz Published");
          |                                      ^
      148 |         quizPublished.click();
      149 |         expect(quizPublished).not.toBeChecked();
      150 |

      at Object.getElementError (node_modules/@testing-library/dom/dist/config.js:38:19)
      at node_modules/@testing-library/dom/dist/query-helpers.js:90:38
      at node_modules/@testing-library/dom/dist/query-helpers.js:62:17
      at getByTestId (node_modules/@testing-library/dom/dist/query-helpers.js:111:19)
      at Object.<anonymous> (src/quizzer/Quizzer.test.tsx:147:38)

  ● Quizzer Tests › Users can delete an existing quiz

    TestingLibraryElementError: Unable to find an element with the text: Delete Quiz. This could be because the text is broken up by multiple elements. In this case, you can provide a function for your text matcher to make your matcher more flexible.

    Ignored nodes: comments, <script />, <style />
    [36m<body[39m
      [33mclass[39m=[32m""[39m
      [33mstyle[39m=[32m"padding-right: 1024px;"[39m
    [36m>[39m
      [36m<div>[39m
        [36m<div[39m
          [33mclass[39m=[32m"quizzer"[39m
        [36m>[39m
          [36m<div[39m
            [33mclass[39m=[32m"quiz_list"[39m
          [36m>[39m
            [36m<div[39m
              [33mclass[39m=[32m"quiz_card"[39m
            [36m>[39m
              [36m<div[39m
                [33mclass[39m=[32m"d-flex justify-content-between align-items-center"[39m
              [36m>[39m
                [36m<div[39m
                  [33mclass[39m=[32m"d-flex align-items-baseline"[39m
                [36m>[39m
                  [36m<h1[39m
                    [33mclass[39m=[32m"title"[39m
                  [36m>[39m
                    [0mSimple_Questions[0m
                  [36m</h1>[39m
                  [36m<p>[39m
                    [0m2[0m
                    [0m question[0m
                    [0ms[0m
                  [36m</p>[39m
                [36m</div>[39m
                [36m<div>[39m
                  [36m<button[39m
                    [33mclass[39m=[32m"esc_button text-align-center btn btn-warning"[39m
                    [33mtype[39m=[32m"button"[39m
                  [36m>[39m
                    [0mEdit[0m
                  [36m</button>[39m
                  [36m<button[39m
                    [33mclass[39m=[32m"esc_button text-align-center btn btn-danger"[39m
                    [33mtype[39m=[32m"button"[39m
                  [36m>[39m
                    [0mExit[0m
                  [36m</button>[39m
                [36m</div>[39m
              [36m</div>[39m
              [36m<p[39m
                [33mclass[39m=[32m"desc"[39m
              [36m>[39m
                [0mThis quiz is full of simple questions and is published[0m
              [36m</p>[39m
              [36m<hr />[39m
              [36m<div[39m
                [33mclass[39m=[32m"question"[39m
              [36m>[39m
                [36m<div[39m
                  [33mclass[39m=[32m"question_header"[39m
                [36m>[39m
                  [36m<h4[39m
                    [33mdata-testid[39m=[32m"question_body"[39m
                  [36m>[39m
                    [0m1[0m
                    [0m. [0m
                    [0mWhat is 2+2?[0m
                  [36m</h4>[39m
                  [36m<h4>[39m
                    [0m1[0m
                    [0m pt[0m
                    [0m[0m
                  [36m</h4>[39m
                [36m</div>[39m
                [0mf[0m
                [36m<div[39m
                  [33mclass[39m=[32m"answer_box"[39m
                [36m>[39m
                  [36m<div>[39m
                    [36m<input[39m
                      [33mclass[39m=[32m"form-control"[39m
                      [33mdata-testid[39m=[32m"select-option"[39m
                      [33mid[39m=[32m"formShortAnswerBox"[39m
                      [33mvalue[39m=[32m""[39m
                    [36m/>[39m
                  [36m</div>[39m
                  [36m<div[39m
                    [33mclass[39m=[32m"sub_check"[39m
                  [36m>[39m
                    [36m<h2[39m
                      [33mclass[39m=[32m"hidden"[39m
                    [36m>[39m
                      [0m❌[0m
                    [36m</h2>[39m
                    [36m<button[39m
                      [33mclass[39m=[32m"submit_btn btn btn-primary"[39m
                      [33mtype[39m=[32m"button"[39m
                    [36m>[39m
                      [0mSubmit[0m
                    [36m</button>[39m
                  [36m</div>[39m
                [36m</div>[39m
              [36m</div>[39m
              [36m<hr />[39m
              [36m<div[39m
                [33mclass[39m=[32m"question"[39m
              [36m>[39m
                [36m<div[39m
                  [33mclass[39m=[32m"question_header"[39m
                [36m>[39m
                  [36m<h4[39m
                    [33mdata-testid[39m=[32m"question_body"[39m
                  [36m>[39m
                    [0m2[0m
                    [0m. [0m
                    [0mWhich of these is a color?[0m
                  [36m</h4>[39m
                  [36m<h4>[39m
                    [0m1[0m
                    [0m pt[0m
                    [0m[0m
                  [36m</h4>[39m
                [36m</div>[39m
                [0mf[0m
                [36m<div[39m
                  [33mclass[39m=[32m"answer_box"[39m
                [36m>[39m
                  [36m<div>[39m
                    [36m<div[39m
                      [33mclass[39m=[32m"form-check"[39m
                    [36m>[39m
                      [36m<input[39m
                        [33mclass[39m=[32m"form-check-input"[39m
                        [33mname[39m=[32m"questionChoice1"[39m
                        [33mtype[39m=[32m"radio"[39m
                        [33mvalue[39m=[32m"red"[39m
                      [36m/>[39m
                      [36m<label[39m
                        [33mclass[39m=[32m"form-check-label"[39m
                        [33mtitle[39m=[32m""[39m
                      [36m>[39m
                        [0mred[0m
                      [36m</label>[39m
                    [36m</div>[39m
                    [36m<div[39m
                      [33mclass[39m=[32m"form-check"[39m
                    [36m>[39m
                      [36m<input[39m
                        [33mclass[39m=[32m"form-check-input"[39m
                        [33mname[39m=[32m"questionChoice1"[39m
                        [33mtype[39m=[32m"radio"[39m
                        [33mvalue[39m=[32m"apple"[39m
                      [36m/>[39m
                      [36m<label[39m
                        [33mclass[39m=[32m"form-check-label"[39m
                        [33mtitle[39m=[32m""[39m
                      [36m>[39m
                        [0mapple[0m
                      [36m</label>[39m
                    [36m</div>[39m
                    [36m<div[39m
                      [33mclass[39m=[32m"form-check"[39m
                    [36m>[39m
                      [36m<input[39m
                        [33mclass[39m=[32m"form-check-input"[39m
                        [33mname[39m=[32m"questionChoice1"[39m
                        [33mtype[39m=[32m"radio"[39m
                        [33mvalue[39m=[32m"firetruck"[39m
                      [36m/>[39m
                      [36m<label[39m
                        [33mclass[39m=[32m"form-check-label"[39m
                        [33mtitle[39m=[32m""[39m
                      [36m>[39m
                        [0mfiretruck[0m
                      [36m</label>[39m
                    [36m</div>[39m
                  [36m</div>[39m
                  [36m<div[39m
                    [33mclass[39m=[32m"sub_check"[39m
                  [36m>[39m
                    [36m<h2[39m
                      [33mclass[39m=[32m"hidden"[39m
                    [36m>[39m
                      [0m❌[0m
                    [36m</h2>[39m
                    [36m<button[39m
                      [33mclass[39m=[32m"submit_btn btn btn-primary"[39m
                      [33mtype[39m=[32m"button"[39m
                    [36m>[39m
                      [0mSubmit[0m
                    [36m</button>[39m
                  [36m</div>[39m
                [36m</div>[39m
              [36m</div>[39m
              [36m<hr />[39m
              [36m<div[39m
                [33mclass[39m=[32m"footer"[39m
              [36m>[39m
                [36m<button[39m
                  [33mclass[39m=[32m"btn btn-danger"[39m
                  [33mtype[39m=[32m"button"[39m
                [36m>[39m
                  [0mReset[0m
                [36m</button>[39m
                [36m<span[39m
                  [33mclass[39m=[32m"score_report"[39m
                [36m>[39m
                  [0m0[0m
                  [0m/[0m
                  [0m2[0m
                [36m</span>[39m
              [36m</div>[39m
            [36m</div>[39m
          [36m</div>[39m
          [36m<div />[39m
          [36m<hr />[39m
          [36m<h2[39m
            [33mstyle[39m=[32m"color: white;"[39m
          [36m>[39m
            [0mApplication Sketch[0m
          [36m</h2>[39m
          [36m<hr />[39m
          [36m<div[39m
            [33mstyle[39m=[32m"color: white;"[39m
          [36m>[39m
            [36m<h2>[39m
              [0mCompleted Features[0m
            [36m</h2>[39m
            [36m<ul[39m
              [33mclass[39m=[32m"completedList"[39m
            [36m>[39m
              [36m<li>[39m
                [0m [0m
                [0mUsers can see a list of quizzes, including the quizzes title, description, and how many questions it has (TESTED)[0m
              [36m</li>[39m
              [36m<li>[39m
                [0mUsers can select a specific quiz to see the questions, including the questions name, body, and points (TESTED)[0m
              [36m</li>[39m
              [36m<li>[39m
                [0mQuiz questions can be of AT LEAST two types: a short answer question or multiple choice question (TESTED)[0m
              [36m</li>[39m
              [36m<li>[39m
                [0mUsers can enter or choose an answer for a quiz question, and be told if they are correct (TESTED)[0m
              [36m</li>[39m
              [36m<li>[39m
                [0mUsers can see how many total points they have earned (TESTED)[0m
              [36m</li>[39m
              [36m<li>[39m
                [0mUsers can clear out their existing answers for a quiz (TESTED)[0m
              [36m</li>[39m
              [36m<li>[39m
                [0mUsers can publish or unpublish a question (TESTED)[0m
              [36m</li>[39m
              [36m<li>[39m
                [0mUsers can filter the questions in a list so that only published questions are shown (TESTED)[0m
              [36m</li>[39m
              [36m<li>[39m
                [0mUsers can edit the questions and fields of a quiz (TESTED)[0m
              [36m</li>[39m
              [36m<li>[39m
                [0mUsers can add a new quiz question (TESTED)[0m
              [36m</li>[39m
              [36m<li>[39m
                [0mUsers can delete an existing quiz question (TESTED)[0m
              [36m</li>[39m
              [36m<li>[39m
                [0mUsers can reorder quiz questions (TESTED)[0m
              [36m</li>[39m
              [36m<li>[39m
                [0mUsers can add a new quiz (TESTED)[0m
              [36m</li>[39m
              [36m<li>[39m
                [0mUsers can delete an existing quiz (TESTED)[0m
              [36m</li>[39m
            [36m</ul>[39m
          [36m</div>[39m
        [36m</div>[39m
      [36m</div>[39m
    [36m</body>[39m

      166 |         editButton.click();
      167 |
    > 168 |         const deleteButton = screen.getByText("Delete Quiz");
          |                                     ^
      169 |         deleteButton.click();
      170 |
      171 |         expect(screen.queryByText("Simple_Questions")).not.toBeInTheDocument();

      at Object.getElementError (node_modules/@testing-library/dom/dist/config.js:38:19)
      at node_modules/@testing-library/dom/dist/query-helpers.js:90:38
      at node_modules/@testing-library/dom/dist/query-helpers.js:62:17
      at getByText (node_modules/@testing-library/dom/dist/query-helpers.js:111:19)
      at Object.<anonymous> (src/quizzer/Quizzer.test.tsx:168:37)

  ● Quizzer Tests › Users can add a new quiz question

    TestingLibraryElementError: Unable to find an element with the text: Add Question. This could be because the text is broken up by multiple elements. In this case, you can provide a function for your text matcher to make your matcher more flexible.

    Ignored nodes: comments, <script />, <style />
    [36m<body[39m
      [33mclass[39m=[32m""[39m
      [33mstyle[39m=[32m"padding-right: 1024px;"[39m
    [36m>[39m
      [36m<div>[39m
        [36m<div[39m
          [33mclass[39m=[32m"quizzer"[39m
        [36m>[39m
          [36m<div[39m
            [33mclass[39m=[32m"quiz_list"[39m
          [36m>[39m
            [36m<div[39m
              [33mclass[39m=[32m"quiz_card"[39m
            [36m>[39m
              [36m<div[39m
                [33mclass[39m=[32m"d-flex justify-content-between align-items-center"[39m
              [36m>[39m
                [36m<div[39m
                  [33mclass[39m=[32m"d-flex align-items-baseline"[39m
                [36m>[39m
                  [36m<h1[39m
                    [33mclass[39m=[32m"title"[39m
                  [36m>[39m
                    [0mSimple_Questions[0m
                  [36m</h1>[39m
                  [36m<p>[39m
                    [0m2[0m
                    [0m question[0m
                    [0ms[0m
                  [36m</p>[39m
                [36m</div>[39m
                [36m<div>[39m
                  [36m<button[39m
                    [33mclass[39m=[32m"esc_button text-align-center btn btn-warning"[39m
                    [33mtype[39m=[32m"button"[39m
                  [36m>[39m
                    [0mEdit[0m
                  [36m</button>[39m
                  [36m<button[39m
                    [33mclass[39m=[32m"esc_button text-align-center btn btn-danger"[39m
                    [33mtype[39m=[32m"button"[39m
                  [36m>[39m
                    [0mExit[0m
                  [36m</button>[39m
                [36m</div>[39m
              [36m</div>[39m
              [36m<p[39m
                [33mclass[39m=[32m"desc"[39m
              [36m>[39m
                [0mThis quiz is full of simple questions and is published[0m
              [36m</p>[39m
              [36m<hr />[39m
              [36m<div[39m
                [33mclass[39m=[32m"question"[39m
              [36m>[39m
                [36m<div[39m
                  [33mclass[39m=[32m"question_header"[39m
                [36m>[39m
                  [36m<h4[39m
                    [33mdata-testid[39m=[32m"question_body"[39m
                  [36m>[39m
                    [0m1[0m
                    [0m. [0m
                    [0mWhat is 2+2?[0m
                  [36m</h4>[39m
                  [36m<h4>[39m
                    [0m1[0m
                    [0m pt[0m
                    [0m[0m
                  [36m</h4>[39m
                [36m</div>[39m
                [0mf[0m
                [36m<div[39m
                  [33mclass[39m=[32m"answer_box"[39m
                [36m>[39m
                  [36m<div>[39m
                    [36m<input[39m
                      [33mclass[39m=[32m"form-control"[39m
                      [33mdata-testid[39m=[32m"select-option"[39m
                      [33mid[39m=[32m"formShortAnswerBox"[39m
                      [33mvalue[39m=[32m""[39m
                    [36m/>[39m
                  [36m</div>[39m
                  [36m<div[39m
                    [33mclass[39m=[32m"sub_check"[39m
                  [36m>[39m
                    [36m<h2[39m
                      [33mclass[39m=[32m"hidden"[39m
                    [36m>[39m
                      [0m❌[0m
                    [36m</h2>[39m
                    [36m<button[39m
                      [33mclass[39m=[32m"submit_btn btn btn-primary"[39m
                      [33mtype[39m=[32m"button"[39m
                    [36m>[39m
                      [0mSubmit[0m
                    [36m</button>[39m
                  [36m</div>[39m
                [36m</div>[39m
              [36m</div>[39m
              [36m<hr />[39m
              [36m<div[39m
                [33mclass[39m=[32m"question"[39m
              [36m>[39m
                [36m<div[39m
                  [33mclass[39m=[32m"question_header"[39m
                [36m>[39m
                  [36m<h4[39m
                    [33mdata-testid[39m=[32m"question_body"[39m
                  [36m>[39m
                    [0m2[0m
                    [0m. [0m
                    [0mWhich of these is a color?[0m
                  [36m</h4>[39m
                  [36m<h4>[39m
                    [0m1[0m
                    [0m pt[0m
                    [0m[0m
                  [36m</h4>[39m
                [36m</div>[39m
                [0mf[0m
                [36m<div[39m
                  [33mclass[39m=[32m"answer_box"[39m
                [36m>[39m
                  [36m<div>[39m
                    [36m<div[39m
                      [33mclass[39m=[32m"form-check"[39m
                    [36m>[39m
                      [36m<input[39m
                        [33mclass[39m=[32m"form-check-input"[39m
                        [33mname[39m=[32m"questionChoice1"[39m
                        [33mtype[39m=[32m"radio"[39m
                        [33mvalue[39m=[32m"red"[39m
                      [36m/>[39m
                      [36m<label[39m
                        [33mclass[39m=[32m"form-check-label"[39m
                        [33mtitle[39m=[32m""[39m
                      [36m>[39m
                        [0mred[0m
                      [36m</label>[39m
                    [36m</div>[39m
                    [36m<div[39m
                      [33mclass[39m=[32m"form-check"[39m
                    [36m>[39m
                      [36m<input[39m
                        [33mclass[39m=[32m"form-check-input"[39m
                        [33mname[39m=[32m"questionChoice1"[39m
                        [33mtype[39m=[32m"radio"[39m
                        [33mvalue[39m=[32m"apple"[39m
                      [36m/>[39m
                      [36m<label[39m
                        [33mclass[39m=[32m"form-check-label"[39m
                        [33mtitle[39m=[32m""[39m
                      [36m>[39m
                        [0mapple[0m
                      [36m</label>[39m
                    [36m</div>[39m
                    [36m<div[39m
                      [33mclass[39m=[32m"form-check"[39m
                    [36m>[39m
                      [36m<input[39m
                        [33mclass[39m=[32m"form-check-input"[39m
                        [33mname[39m=[32m"questionChoice1"[39m
                        [33mtype[39m=[32m"radio"[39m
                        [33mvalue[39m=[32m"firetruck"[39m
                      [36m/>[39m
                      [36m<label[39m
                        [33mclass[39m=[32m"form-check-label"[39m
                        [33mtitle[39m=[32m""[39m
                      [36m>[39m
                        [0mfiretruck[0m
                      [36m</label>[39m
                    [36m</div>[39m
                  [36m</div>[39m
                  [36m<div[39m
                    [33mclass[39m=[32m"sub_check"[39m
                  [36m>[39m
                    [36m<h2[39m
                      [33mclass[39m=[32m"hidden"[39m
                    [36m>[39m
                      [0m❌[0m
                    [36m</h2>[39m
                    [36m<button[39m
                      [33mclass[39m=[32m"submit_btn btn btn-primary"[39m
                      [33mtype[39m=[32m"button"[39m
                    [36m>[39m
                      [0mSubmit[0m
                    [36m</button>[39m
                  [36m</div>[39m
                [36m</div>[39m
              [36m</div>[39m
              [36m<hr />[39m
              [36m<div[39m
                [33mclass[39m=[32m"footer"[39m
              [36m>[39m
                [36m<button[39m
                  [33mclass[39m=[32m"btn btn-danger"[39m
                  [33mtype[39m=[32m"button"[39m
                [36m>[39m
                  [0mReset[0m
                [36m</button>[39m
                [36m<span[39m
                  [33mclass[39m=[32m"score_report"[39m
                [36m>[39m
                  [0m0[0m
                  [0m/[0m
                  [0m2[0m
                [36m</span>[39m
              [36m</div>[39m
            [36m</div>[39m
          [36m</div>[39m
          [36m<div />[39m
          [36m<hr />[39m
          [36m<h2[39m
            [33mstyle[39m=[32m"color: white;"[39m
          [36m>[39m
            [0mApplication Sketch[0m
          [36m</h2>[39m
          [36m<hr />[39m
          [36m<div[39m
            [33mstyle[39m=[32m"color: white;"[39m
          [36m>[39m
            [36m<h2>[39m
              [0mCompleted Features[0m
            [36m</h2>[39m
            [36m<ul[39m
              [33mclass[39m=[32m"completedList"[39m
            [36m>[39m
              [36m<li>[39m
                [0m [0m
                [0mUsers can see a list of quizzes, including the quizzes title, description, and how many questions it has (TESTED)[0m
              [36m</li>[39m
              [36m<li>[39m
                [0mUsers can select a specific quiz to see the questions, including the questions name, body, and points (TESTED)[0m
              [36m</li>[39m
              [36m<li>[39m
                [0mQuiz questions can be of AT LEAST two types: a short answer question or multiple choice question (TESTED)[0m
              [36m</li>[39m
              [36m<li>[39m
                [0mUsers can enter or choose an answer for a quiz question, and be told if they are correct (TESTED)[0m
              [36m</li>[39m
              [36m<li>[39m
                [0mUsers can see how many total points they have earned (TESTED)[0m
              [36m</li>[39m
              [36m<li>[39m
                [0mUsers can clear out their existing answers for a quiz (TESTED)[0m
              [36m</li>[39m
              [36m<li>[39m
                [0mUsers can publish or unpublish a question (TESTED)[0m
              [36m</li>[39m
              [36m<li>[39m
                [0mUsers can filter the questions in a list so that only published questions are shown (TESTED)[0m
              [36m</li>[39m
              [36m<li>[39m
                [0mUsers can edit the questions and fields of a quiz (TESTED)[0m
              [36m</li>[39m
              [36m<li>[39m
                [0mUsers can add a new quiz question (TESTED)[0m
              [36m</li>[39m
              [36m<li>[39m
                [0mUsers can delete an existing quiz question (TESTED)[0m
              [36m</li>[39m
              [36m<li>[39m
                [0mUsers can reorder quiz questions (TESTED)[0m
              [36m</li>[39m
              [36m<li>[39m
                [0mUsers can add a new quiz (TESTED)[0m
              [36m</li>[39m
              [36m<li>[39m
                [0mUsers can delete an existing quiz (TESTED)[0m
              [36m</li>[39m
            [36m</ul>[39m
          [36m</div>[39m
        [36m</div>[39m
      [36m</div>[39m
    [36m</body>[39m

      188 |         editButton.click();
      189 |
    > 190 |         const addButton = screen.getByText("Add Question");
          |                                  ^
      191 |         addButton.click();
      192 |
      193 |         const quizPublished = screen.getByTestId("Quiz Published");

      at Object.getElementError (node_modules/@testing-library/dom/dist/config.js:38:19)
      at node_modules/@testing-library/dom/dist/query-helpers.js:90:38
      at node_modules/@testing-library/dom/dist/query-helpers.js:62:17
      at getByText (node_modules/@testing-library/dom/dist/query-helpers.js:111:19)
      at Object.<anonymous> (src/quizzer/Quizzer.test.tsx:190:34)

  ● Quizzer Tests › Users can reorder quiz questions

    TestingLibraryElementError: Unable to find an element with the text: ▲. This could be because the text is broken up by multiple elements. In this case, you can provide a function for your text matcher to make your matcher more flexible.

    Ignored nodes: comments, <script />, <style />
    [36m<body[39m
      [33mclass[39m=[32m""[39m
      [33mstyle[39m=[32m"padding-right: 1024px;"[39m
    [36m>[39m
      [36m<div>[39m
        [36m<div[39m
          [33mclass[39m=[32m"quizzer"[39m
        [36m>[39m
          [36m<div[39m
            [33mclass[39m=[32m"quiz_list"[39m
          [36m>[39m
            [36m<div[39m
              [33mclass[39m=[32m"quiz_card"[39m
            [36m>[39m
              [36m<div[39m
                [33mclass[39m=[32m"d-flex justify-content-between align-items-center"[39m
              [36m>[39m
                [36m<div[39m
                  [33mclass[39m=[32m"d-flex align-items-baseline"[39m
                [36m>[39m
                  [36m<h1[39m
                    [33mclass[39m=[32m"title"[39m
                  [36m>[39m
                    [0mSimple_Questions[0m
                  [36m</h1>[39m
                  [36m<p>[39m
                    [0m2[0m
                    [0m question[0m
                    [0ms[0m
                  [36m</p>[39m
                [36m</div>[39m
                [36m<div>[39m
                  [36m<button[39m
                    [33mclass[39m=[32m"esc_button text-align-center btn btn-warning"[39m
                    [33mtype[39m=[32m"button"[39m
                  [36m>[39m
                    [0mEdit[0m
                  [36m</button>[39m
                  [36m<button[39m
                    [33mclass[39m=[32m"esc_button text-align-center btn btn-danger"[39m
                    [33mtype[39m=[32m"button"[39m
                  [36m>[39m
                    [0mExit[0m
                  [36m</button>[39m
                [36m</div>[39m
              [36m</div>[39m
              [36m<p[39m
                [33mclass[39m=[32m"desc"[39m
              [36m>[39m
                [0mThis quiz is full of simple questions and is published[0m
              [36m</p>[39m
              [36m<hr />[39m
              [36m<div[39m
                [33mclass[39m=[32m"question"[39m
              [36m>[39m
                [36m<div[39m
                  [33mclass[39m=[32m"question_header"[39m
                [36m>[39m
                  [36m<h4[39m
                    [33mdata-testid[39m=[32m"question_body"[39m
                  [36m>[39m
                    [0m1[0m
                    [0m. [0m
                    [0mWhat is 2+2?[0m
                  [36m</h4>[39m
                  [36m<h4>[39m
                    [0m1[0m
                    [0m pt[0m
                    [0m[0m
                  [36m</h4>[39m
                [36m</div>[39m
                [0mf[0m
                [36m<div[39m
                  [33mclass[39m=[32m"answer_box"[39m
                [36m>[39m
                  [36m<div>[39m
                    [36m<input[39m
                      [33mclass[39m=[32m"form-control"[39m
                      [33mdata-testid[39m=[32m"select-option"[39m
                      [33mid[39m=[32m"formShortAnswerBox"[39m
                      [33mvalue[39m=[32m""[39m
                    [36m/>[39m
                  [36m</div>[39m
                  [36m<div[39m
                    [33mclass[39m=[32m"sub_check"[39m
                  [36m>[39m
                    [36m<h2[39m
                      [33mclass[39m=[32m"hidden"[39m
                    [36m>[39m
                      [0m❌[0m
                    [36m</h2>[39m
                    [36m<button[39m
                      [33mclass[39m=[32m"submit_btn btn btn-primary"[39m
                      [33mtype[39m=[32m"button"[39m
                    [36m>[39m
                      [0mSubmit[0m
                    [36m</button>[39m
                  [36m</div>[39m
                [36m</div>[39m
              [36m</div>[39m
              [36m<hr />[39m
              [36m<div[39m
                [33mclass[39m=[32m"question"[39m
              [36m>[39m
                [36m<div[39m
                  [33mclass[39m=[32m"question_header"[39m
                [36m>[39m
                  [36m<h4[39m
                    [33mdata-testid[39m=[32m"question_body"[39m
                  [36m>[39m
                    [0m2[0m
                    [0m. [0m
                    [0mWhich of these is a color?[0m
                  [36m</h4>[39m
                  [36m<h4>[39m
                    [0m1[0m
                    [0m pt[0m
                    [0m[0m
                  [36m</h4>[39m
                [36m</div>[39m
                [0mf[0m
                [36m<div[39m
                  [33mclass[39m=[32m"answer_box"[39m
                [36m>[39m
                  [36m<div>[39m
                    [36m<div[39m
                      [33mclass[39m=[32m"form-check"[39m
                    [36m>[39m
                      [36m<input[39m
                        [33mclass[39m=[32m"form-check-input"[39m
                        [33mname[39m=[32m"questionChoice1"[39m
                        [33mtype[39m=[32m"radio"[39m
                        [33mvalue[39m=[32m"red"[39m
                      [36m/>[39m
                      [36m<label[39m
                        [33mclass[39m=[32m"form-check-label"[39m
                        [33mtitle[39m=[32m""[39m
                      [36m>[39m
                        [0mred[0m
                      [36m</label>[39m
                    [36m</div>[39m
                    [36m<div[39m
                      [33mclass[39m=[32m"form-check"[39m
                    [36m>[39m
                      [36m<input[39m
                        [33mclass[39m=[32m"form-check-input"[39m
                        [33mname[39m=[32m"questionChoice1"[39m
                        [33mtype[39m=[32m"radio"[39m
                        [33mvalue[39m=[32m"apple"[39m
                      [36m/>[39m
                      [36m<label[39m
                        [33mclass[39m=[32m"form-check-label"[39m
                        [33mtitle[39m=[32m""[39m
                      [36m>[39m
                        [0mapple[0m
                      [36m</label>[39m
                    [36m</div>[39m
                    [36m<div[39m
                      [33mclass[39m=[32m"form-check"[39m
                    [36m>[39m
                      [36m<input[39m
                        [33mclass[39m=[32m"form-check-input"[39m
                        [33mname[39m=[32m"questionChoice1"[39m
                        [33mtype[39m=[32m"radio"[39m
                        [33mvalue[39m=[32m"firetruck"[39m
                      [36m/>[39m
                      [36m<label[39m
                        [33mclass[39m=[32m"form-check-label"[39m
                        [33mtitle[39m=[32m""[39m
                      [36m>[39m
                        [0mfiretruck[0m
                      [36m</label>[39m
                    [36m</div>[39m
                  [36m</div>[39m
                  [36m<div[39m
                    [33mclass[39m=[32m"sub_check"[39m
                  [36m>[39m
                    [36m<h2[39m
                      [33mclass[39m=[32m"hidden"[39m
                    [36m>[39m
                      [0m❌[0m
                    [36m</h2>[39m
                    [36m<button[39m
                      [33mclass[39m=[32m"submit_btn btn btn-primary"[39m
                      [33mtype[39m=[32m"button"[39m
                    [36m>[39m
                      [0mSubmit[0m
                    [36m</button>[39m
                  [36m</div>[39m
                [36m</div>[39m
              [36m</div>[39m
              [36m<hr />[39m
              [36m<div[39m
                [33mclass[39m=[32m"footer"[39m
              [36m>[39m
                [36m<button[39m
                  [33mclass[39m=[32m"btn btn-danger"[39m
                  [33mtype[39m=[32m"button"[39m
                [36m>[39m
                  [0mReset[0m
                [36m</button>[39m
                [36m<span[39m
                  [33mclass[39m=[32m"score_report"[39m
                [36m>[39m
                  [0m0[0m
                  [0m/[0m
                  [0m2[0m
                [36m</span>[39m
              [36m</div>[39m
            [36m</div>[39m
          [36m</div>[39m
          [36m<div />[39m
          [36m<hr />[39m
          [36m<h2[39m
            [33mstyle[39m=[32m"color: white;"[39m
          [36m>[39m
            [0mApplication Sketch[0m
          [36m</h2>[39m
          [36m<hr />[39m
          [36m<div[39m
            [33mstyle[39m=[32m"color: white;"[39m
          [36m>[39m
            [36m<h2>[39m
              [0mCompleted Features[0m
            [36m</h2>[39m
            [36m<ul[39m
              [33mclass[39m=[32m"completedList"[39m
            [36m>[39m
              [36m<li>[39m
                [0m [0m
                [0mUsers can see a list of quizzes, including the quizzes title, description, and how many questions it has (TESTED)[0m
              [36m</li>[39m
              [36m<li>[39m
                [0mUsers can select a specific quiz to see the questions, including the questions name, body, and points (TESTED)[0m
              [36m</li>[39m
              [36m<li>[39m
                [0mQuiz questions can be of AT LEAST two types: a short answer question or multiple choice question (TESTED)[0m
              [36m</li>[39m
              [36m<li>[39m
                [0mUsers can enter or choose an answer for a quiz question, and be told if they are correct (TESTED)[0m
              [36m</li>[39m
              [36m<li>[39m
                [0mUsers can see how many total points they have earned (TESTED)[0m
              [36m</li>[39m
              [36m<li>[39m
                [0mUsers can clear out their existing answers for a quiz (TESTED)[0m
              [36m</li>[39m
              [36m<li>[39m
                [0mUsers can publish or unpublish a question (TESTED)[0m
              [36m</li>[39m
              [36m<li>[39m
                [0mUsers can filter the questions in a list so that only published questions are shown (TESTED)[0m
              [36m</li>[39m
              [36m<li>[39m
                [0mUsers can edit the questions and fields of a quiz (TESTED)[0m
              [36m</li>[39m
              [36m<li>[39m
                [0mUsers can add a new quiz question (TESTED)[0m
              [36m</li>[39m
              [36m<li>[39m
                [0mUsers can delete an existing quiz question (TESTED)[0m
              [36m</li>[39m
              [36m<li>[39m
                [0mUsers can reorder quiz questions (TESTED)[0m
              [36m</li>[39m
              [36m<li>[39m
                [0mUsers can add a new quiz (TESTED)[0m
              [36m</li>[39m
              [36m<li>[39m
                [0mUsers can delete an existing quiz (TESTED)[0m
              [36m</li>[39m
            [36m</ul>[39m
          [36m</div>[39m
        [36m</div>[39m
      [36m</div>[39m
    [36m</body>[39m

      219 |         editButton.click();
      220 |
    > 221 |         const orderArrow = screen.getAllByText("▲")[1];
          |                                   ^
      222 |         orderArrow.click();
      223 |         const orderArrow2 = screen.getAllByText("▲")[2];
      224 |         orderArrow2.click();

      at Object.getElementError (node_modules/@testing-library/dom/dist/config.js:38:19)
      at node_modules/@testing-library/dom/dist/query-helpers.js:90:38
      at getAllByText (node_modules/@testing-library/dom/dist/query-helpers.js:130:15)
      at Object.<anonymous> (src/quizzer/Quizzer.test.tsx:221:35)

  ● Quizzer Tests › Quiz questions can be of AT LEAST two types: a short answer question or multiple choice question

    TestingLibraryElementError: Unable to find a label with the text of: Type:

    Ignored nodes: comments, <script />, <style />
    [36m<body[39m
      [33mclass[39m=[32m""[39m
      [33mstyle[39m=[32m"padding-right: 1024px;"[39m
    [36m>[39m
      [36m<div>[39m
        [36m<div[39m
          [33mclass[39m=[32m"quizzer"[39m
        [36m>[39m
          [36m<div[39m
            [33mclass[39m=[32m"quiz_list"[39m
          [36m>[39m
            [36m<div[39m
              [33mclass[39m=[32m"quiz_card"[39m
            [36m>[39m
              [36m<div[39m
                [33mclass[39m=[32m"d-flex justify-content-between align-items-center"[39m
              [36m>[39m
                [36m<div[39m
                  [33mclass[39m=[32m"d-flex align-items-baseline"[39m
                [36m>[39m
                  [36m<h1[39m
                    [33mclass[39m=[32m"title"[39m
                  [36m>[39m
                    [0mSimple_Questions[0m
                  [36m</h1>[39m
                  [36m<p>[39m
                    [0m2[0m
                    [0m question[0m
                    [0ms[0m
                  [36m</p>[39m
                [36m</div>[39m
                [36m<div>[39m
                  [36m<button[39m
                    [33mclass[39m=[32m"esc_button text-align-center btn btn-warning"[39m
                    [33mtype[39m=[32m"button"[39m
                  [36m>[39m
                    [0mEdit[0m
                  [36m</button>[39m
                  [36m<button[39m
                    [33mclass[39m=[32m"esc_button text-align-center btn btn-danger"[39m
                    [33mtype[39m=[32m"button"[39m
                  [36m>[39m
                    [0mExit[0m
                  [36m</button>[39m
                [36m</div>[39m
              [36m</div>[39m
              [36m<p[39m
                [33mclass[39m=[32m"desc"[39m
              [36m>[39m
                [0mThis quiz is full of simple questions and is published[0m
              [36m</p>[39m
              [36m<hr />[39m
              [36m<div[39m
                [33mclass[39m=[32m"question"[39m
              [36m>[39m
                [36m<div[39m
                  [33mclass[39m=[32m"question_header"[39m
                [36m>[39m
                  [36m<h4[39m
                    [33mdata-testid[39m=[32m"question_body"[39m
                  [36m>[39m
                    [0m1[0m
                    [0m. [0m
                    [0mWhat is 2+2?[0m
                  [36m</h4>[39m
                  [36m<h4>[39m
                    [0m1[0m
                    [0m pt[0m
                    [0m[0m
                  [36m</h4>[39m
                [36m</div>[39m
                [0mf[0m
                [36m<div[39m
                  [33mclass[39m=[32m"answer_box"[39m
                [36m>[39m
                  [36m<div>[39m
                    [36m<input[39m
                      [33mclass[39m=[32m"form-control"[39m
                      [33mdata-testid[39m=[32m"select-option"[39m
                      [33mid[39m=[32m"formShortAnswerBox"[39m
                      [33mvalue[39m=[32m""[39m
                    [36m/>[39m
                  [36m</div>[39m
                  [36m<div[39m
                    [33mclass[39m=[32m"sub_check"[39m
                  [36m>[39m
                    [36m<h2[39m
                      [33mclass[39m=[32m"hidden"[39m
                    [36m>[39m
                      [0m❌[0m
                    [36m</h2>[39m
                    [36m<button[39m
                      [33mclass[39m=[32m"submit_btn btn btn-primary"[39m
                      [33mtype[39m=[32m"button"[39m
                    [36m>[39m
                      [0mSubmit[0m
                    [36m</button>[39m
                  [36m</div>[39m
                [36m</div>[39m
              [36m</div>[39m
              [36m<hr />[39m
              [36m<div[39m
                [33mclass[39m=[32m"question"[39m
              [36m>[39m
                [36m<div[39m
                  [33mclass[39m=[32m"question_header"[39m
                [36m>[39m
                  [36m<h4[39m
                    [33mdata-testid[39m=[32m"question_body"[39m
                  [36m>[39m
                    [0m2[0m
                    [0m. [0m
                    [0mWhich of these is a color?[0m
                  [36m</h4>[39m
                  [36m<h4>[39m
                    [0m1[0m
                    [0m pt[0m
                    [0m[0m
                  [36m</h4>[39m
                [36m</div>[39m
                [0mf[0m
                [36m<div[39m
                  [33mclass[39m=[32m"answer_box"[39m
                [36m>[39m
                  [36m<div>[39m
                    [36m<div[39m
                      [33mclass[39m=[32m"form-check"[39m
                    [36m>[39m
                      [36m<input[39m
                        [33mclass[39m=[32m"form-check-input"[39m
                        [33mname[39m=[32m"questionChoice1"[39m
                        [33mtype[39m=[32m"radio"[39m
                        [33mvalue[39m=[32m"red"[39m
                      [36m/>[39m
                      [36m<label[39m
                        [33mclass[39m=[32m"form-check-label"[39m
                        [33mtitle[39m=[32m""[39m
                      [36m>[39m
                        [0mred[0m
                      [36m</label>[39m
                    [36m</div>[39m
                    [36m<div[39m
                      [33mclass[39m=[32m"form-check"[39m
                    [36m>[39m
                      [36m<input[39m
                        [33mclass[39m=[32m"form-check-input"[39m
                        [33mname[39m=[32m"questionChoice1"[39m
                        [33mtype[39m=[32m"radio"[39m
                        [33mvalue[39m=[32m"apple"[39m
                      [36m/>[39m
                      [36m<label[39m
                        [33mclass[39m=[32m"form-check-label"[39m
                        [33mtitle[39m=[32m""[39m
                      [36m>[39m
                        [0mapple[0m
                      [36m</label>[39m
                    [36m</div>[39m
                    [36m<div[39m
                      [33mclass[39m=[32m"form-check"[39m
                    [36m>[39m
                      [36m<input[39m
                        [33mclass[39m=[32m"form-check-input"[39m
                        [33mname[39m=[32m"questionChoice1"[39m
                        [33mtype[39m=[32m"radio"[39m
                        [33mvalue[39m=[32m"firetruck"[39m
                      [36m/>[39m
                      [36m<label[39m
                        [33mclass[39m=[32m"form-check-label"[39m
                        [33mtitle[39m=[32m""[39m
                      [36m>[39m
                        [0mfiretruck[0m
                      [36m</label>[39m
                    [36m</div>[39m
                  [36m</div>[39m
                  [36m<div[39m
                    [33mclass[39m=[32m"sub_check"[39m
                  [36m>[39m
                    [36m<h2[39m
                      [33mclass[39m=[32m"hidden"[39m
                    [36m>[39m
                      [0m❌[0m
                    [36m</h2>[39m
                    [36m<button[39m
                      [33mclass[39m=[32m"submit_btn btn btn-primary"[39m
                      [33mtype[39m=[32m"button"[39m
                    [36m>[39m
                      [0mSubmit[0m
                    [36m</button>[39m
                  [36m</div>[39m
                [36m</div>[39m
              [36m</div>[39m
              [36m<hr />[39m
              [36m<div[39m
                [33mclass[39m=[32m"footer"[39m
              [36m>[39m
                [36m<button[39m
                  [33mclass[39m=[32m"btn btn-danger"[39m
                  [33mtype[39m=[32m"button"[39m
                [36m>[39m
                  [0mReset[0m
                [36m</button>[39m
                [36m<span[39m
                  [33mclass[39m=[32m"score_report"[39m
                [36m>[39m
                  [0m0[0m
                  [0m/[0m
                  [0m2[0m
                [36m</span>[39m
              [36m</div>[39m
            [36m</div>[39m
          [36m</div>[39m
          [36m<div />[39m
          [36m<hr />[39m
          [36m<h2[39m
            [33mstyle[39m=[32m"color: white;"[39m
          [36m>[39m
            [0mApplication Sketch[0m
          [36m</h2>[39m
          [36m<hr />[39m
          [36m<div[39m
            [33mstyle[39m=[32m"color: white;"[39m
          [36m>[39m
            [36m<h2>[39m
              [0mCompleted Features[0m
            [36m</h2>[39m
            [36m<ul[39m
              [33mclass[39m=[32m"completedList"[39m
            [36m>[39m
              [36m<li>[39m
                [0m [0m
                [0mUsers can see a list of quizzes, including the quizzes title, description, and how many questions it has (TESTED)[0m
              [36m</li>[39m
              [36m<li>[39m
                [0mUsers can select a specific quiz to see the questions, including the questions name, body, and points (TESTED)[0m
              [36m</li>[39m
              [36m<li>[39m
                [0mQuiz questions can be of AT LEAST two types: a short answer question or multiple choice question (TESTED)[0m
              [36m</li>[39m
              [36m<li>[39m
                [0mUsers can enter or choose an answer for a quiz question, and be told if they are correct (TESTED)[0m
              [36m</li>[39m
              [36m<li>[39m
                [0mUsers can see how many total points they have earned (TESTED)[0m
              [36m</li>[39m
              [36m<li>[39m
                [0mUsers can clear out their existing answers for a quiz (TESTED)[0m
              [36m</li>[39m
              [36m<li>[39m
                [0mUsers can publish or unpublish a question (TESTED)[0m
              [36m</li>[39m
              [36m<li>[39m
                [0mUsers can filter the questions in a list so that only published questions are shown (TESTED)[0m
              [36m</li>[39m
              [36m<li>[39m
                [0mUsers can edit the questions and fields of a quiz (TESTED)[0m
              [36m</li>[39m
              [36m<li>[39m
                [0mUsers can add a new quiz question (TESTED)[0m
              [36m</li>[39m
              [36m<li>[39m
                [0mUsers can delete an existing quiz question (TESTED)[0m
              [36m</li>[39m
              [36m<li>[39m
                [0mUsers can reorder quiz questions (TESTED)[0m
              [36m</li>[39m
              [36m<li>[39m
                [0mUsers can add a new quiz (TESTED)[0m
              [36m</li>[39m
              [36m<li>[39m
                [0mUsers can delete an existing quiz (TESTED)[0m
              [36m</li>[39m
            [36m</ul>[39m
          [36m</div>[39m
        [36m</div>[39m
      [36m</div>[39m
    [36m</body>[39m

      240 |         editButton.click();
      241 |
    > 242 |         const dropdown = screen.getAllByLabelText("Type:")[0];
          |                                 ^
      243 |         userEvent.selectOptions(dropdown, "multiple_choice_question");
      244 |         const options: HTMLOptionElement[] = screen.getAllByTestId(
      245 |             "question_type_dropdown_0"

      at Object.getElementError (node_modules/@testing-library/dom/dist/config.js:38:19)
      at getAllByLabelText (node_modules/@testing-library/dom/dist/queries/label-text.js:116:38)
      at getAllByLabelText (node_modules/@testing-library/dom/dist/query-helpers.js:130:15)
      at Object.<anonymous> (src/quizzer/Quizzer.test.tsx:242:33)

PASS src/App.test.tsx
-------------------|---------|----------|---------|---------|-------------------
File               | % Stmts | % Branch | % Funcs | % Lines | Uncovered Line #s 
-------------------|---------|----------|---------|---------|-------------------
All files          |   56.37 |    55.17 |   48.64 |   56.64 |                   
 src               |   66.66 |       50 |      50 |   66.66 |                   
  App.tsx          |   66.66 |       50 |      50 |   66.66 | 16                
 src/interfaces    |       0 |        0 |       0 |       0 |                   
  question.ts      |       0 |        0 |       0 |       0 |                   
  quiz.ts          |       0 |        0 |       0 |       0 |                   
 src/quizzer       |   56.16 |    55.55 |   48.61 |   56.42 |                   
  AddQuizModal.tsx |   64.28 |      100 |      40 |   64.28 | 38-55             
  QuestionEdit.tsx |    3.22 |        0 |       0 |    3.22 | 23-252            
  QuizCard.tsx     |     100 |       80 |     100 |     100 | 34                
  QuizEdit.tsx     |     3.7 |        0 |       0 |       4 | 24-162            
  QuizExpanded.tsx |     100 |    85.71 |     100 |     100 | 73                
  QuizList.tsx     |    90.9 |      100 |      80 |    90.9 | 28                
  QuizQuestion.tsx |     100 |    78.57 |     100 |     100 | 27-48             
  QuizView.tsx     |     100 |       75 |     100 |     100 | 29                
  Quizzer.tsx      |   88.23 |      100 |      80 |   92.85 | 39                
-------------------|---------|----------|---------|---------|-------------------

Test Suites: 1 failed, 1 passed, 2 total
Tests:       7 failed, 8 passed, 15 total
Snapshots:   0 total
Time:        3.596 s
Ran all test suites.
